[31-Dec-2025 10:49:54 America/Sao_Paulo] [2025-12-31 10:49:54.947961] [INFO] [documentation.php:299] Sistema de documentação carregado com sucesso | {"componentes":12,"metodos":20,"categorias":6}
[31-Dec-2025 10:49:54 America/Sao_Paulo] [2025-12-31 10:49:54.950408] [DEBUG] [app.php:134] Documentation system initialized | {"components":12}
[31-Dec-2025 10:49:58 America/Sao_Paulo] [2025-12-31 10:49:58.935887] [INFO] [documentation.php:299] Sistema de documentação carregado com sucesso | {"componentes":12,"metodos":20,"categorias":6}
[31-Dec-2025 10:49:58 America/Sao_Paulo] [2025-12-31 10:49:58.936852] [DEBUG] [app.php:134] Documentation system initialized | {"components":12}
[31-Dec-2025 11:05:30 America/Sao_Paulo] [2025-12-31 11:05:30.771557] [INFO] [documentation.php:299] Sistema de documentação carregado com sucesso | {"componentes":12,"metodos":20,"categorias":6}
[31-Dec-2025 11:05:30 America/Sao_Paulo] [2025-12-31 11:05:30.776135] [DEBUG] [app.php:134] Documentation system initialized | {"components":12}
[31-Dec-2025 11:05:50 America/Sao_Paulo] [2025-12-31 11:05:50.661875] [INFO] [documentation.php:299] Sistema de documentação carregado com sucesso | {"componentes":12,"metodos":20,"categorias":6}
[31-Dec-2025 11:05:50 America/Sao_Paulo] [2025-12-31 11:05:50.662925] [DEBUG] [app.php:134] Documentation system initialized | {"components":12}
[31-Dec-2025 11:05:51 America/Sao_Paulo] [2025-12-31 11:05:51.244443] [INFO] [documentation.php:299] Sistema de documentação carregado com sucesso | {"componentes":12,"metodos":20,"categorias":6}
[31-Dec-2025 11:05:51 America/Sao_Paulo] [2025-12-31 11:05:51.244997] [DEBUG] [app.php:134] Documentation system initialized | {"components":12}
[31-Dec-2025 11:05:51 America/Sao_Paulo] [2025-12-31 11:05:51.924882] [INFO] [documentation.php:299] Sistema de documentação carregado com sucesso | {"componentes":12,"metodos":20,"categorias":6}
[31-Dec-2025 11:05:51 America/Sao_Paulo] [2025-12-31 11:05:51.925615] [DEBUG] [app.php:134] Documentation system initialized | {"components":12}
[31-Dec-2025 11:05:53 America/Sao_Paulo] [2025-12-31 11:05:53.249586] [INFO] [documentation.php:299] Sistema de documentação carregado com sucesso | {"componentes":12,"metodos":20,"categorias":6}
[31-Dec-2025 11:05:53 America/Sao_Paulo] [2025-12-31 11:05:53.250528] [DEBUG] [app.php:134] Documentation system initialized | {"components":12}
[31-Dec-2025 11:05:56 America/Sao_Paulo] [2025-12-31 11:05:56.668116] [INFO] [documentation.php:299] Sistema de documentação carregado com sucesso | {"componentes":12,"metodos":20,"categorias":6}
[31-Dec-2025 11:05:56 America/Sao_Paulo] [2025-12-31 11:05:56.669049] [DEBUG] [app.php:134] Documentation system initialized | {"components":12}
[31-Dec-2025 11:07:57 America/Sao_Paulo] [2025-12-31 11:07:57.850196] [INFO] [documentation.php:299] Sistema de documentação carregado com sucesso | {"componentes":12,"metodos":20,"categorias":6}
[31-Dec-2025 11:07:57 America/Sao_Paulo] [2025-12-31 11:07:57.851100] [DEBUG] [app.php:134] Documentation system initialized | {"components":12}
[31-Dec-2025 11:08:00 America/Sao_Paulo] [2025-12-31 11:08:00.958499] [INFO] [documentation.php:299] Sistema de documentação carregado com sucesso | {"componentes":12,"metodos":20,"categorias":6}
[31-Dec-2025 11:08:00 America/Sao_Paulo] [2025-12-31 11:08:00.960068] [DEBUG] [app.php:134] Documentation system initialized | {"components":12}
[31-Dec-2025 11:08:06 America/Sao_Paulo] [2025-12-31 11:08:06.421892] [INFO] [documentation.php:299] Sistema de documentação carregado com sucesso | {"componentes":12,"metodos":20,"categorias":6}
[31-Dec-2025 11:08:06 America/Sao_Paulo] [2025-12-31 11:08:06.427640] [DEBUG] [app.php:134] Documentation system initialized | {"components":12}
[31-Dec-2025 11:08:11 America/Sao_Paulo] [2025-12-31 11:08:11.910354] [INFO] [documentation.php:299] Sistema de documentação carregado com sucesso | {"componentes":12,"metodos":20,"categorias":6}
[31-Dec-2025 11:08:11 America/Sao_Paulo] [2025-12-31 11:08:11.911213] [DEBUG] [app.php:134] Documentation system initialized | {"components":12}
[31-Dec-2025 11:08:11 America/Sao_Paulo] [2025-12-31 11:08:11.973301] [INFO] [documentation.php:299] Sistema de documentação carregado com sucesso | {"componentes":12,"metodos":20,"categorias":6}
[31-Dec-2025 11:08:11 America/Sao_Paulo] [2025-12-31 11:08:11.974285] [DEBUG] [app.php:134] Documentation system initialized | {"components":12}
[31-Dec-2025 11:08:18 America/Sao_Paulo] [2025-12-31 11:08:18.766542] [INFO] [documentation.php:299] Sistema de documentação carregado com sucesso | {"componentes":12,"metodos":20,"categorias":6}
[31-Dec-2025 11:08:18 America/Sao_Paulo] [2025-12-31 11:08:18.767263] [DEBUG] [app.php:134] Documentation system initialized | {"components":12}
[31-Dec-2025 11:08:19 America/Sao_Paulo] [2025-12-31 11:08:19.213118] [INFO] [documentation.php:299] Sistema de documentação carregado com sucesso | {"componentes":12,"metodos":20,"categorias":6}
[31-Dec-2025 11:08:19 America/Sao_Paulo] [2025-12-31 11:08:19.214101] [DEBUG] [app.php:134] Documentation system initialized | {"components":12}
[31-Dec-2025 11:08:20 America/Sao_Paulo] [2025-12-31 11:08:20.382870] [INFO] [documentation.php:299] Sistema de documentação carregado com sucesso | {"componentes":12,"metodos":20,"categorias":6}
[31-Dec-2025 11:08:20 America/Sao_Paulo] [2025-12-31 11:08:20.383432] [DEBUG] [app.php:134] Documentation system initialized | {"components":12}
[31-Dec-2025 11:08:21 America/Sao_Paulo] [2025-12-31 11:08:21.599679] [INFO] [documentation.php:299] Sistema de documentação carregado com sucesso | {"componentes":12,"metodos":20,"categorias":6}
[31-Dec-2025 11:08:21 America/Sao_Paulo] [2025-12-31 11:08:21.600366] [DEBUG] [app.php:134] Documentation system initialized | {"components":12}
[31-Dec-2025 11:08:22 America/Sao_Paulo] [2025-12-31 11:08:22.202111] [INFO] [documentation.php:299] Sistema de documentação carregado com sucesso | {"componentes":12,"metodos":20,"categorias":6}
[31-Dec-2025 11:08:22 America/Sao_Paulo] [2025-12-31 11:08:22.202680] [DEBUG] [app.php:134] Documentation system initialized | {"components":12}
[31-Dec-2025 11:13:34 America/Sao_Paulo] [2025-12-31 11:13:34.419509] [INFO] [documentation.php:299] Sistema de documentação carregado com sucesso | {"componentes":12,"metodos":20,"categorias":6}
[31-Dec-2025 11:13:34 America/Sao_Paulo] [2025-12-31 11:13:34.420299] [DEBUG] [app.php:134] Documentation system initialized | {"components":12}
[31-Dec-2025 11:13:41 America/Sao_Paulo] [2025-12-31 11:13:41.079259] [INFO] [documentation.php:299] Sistema de documentação carregado com sucesso | {"componentes":12,"metodos":20,"categorias":6}
[31-Dec-2025 11:13:41 America/Sao_Paulo] [2025-12-31 11:13:41.080618] [DEBUG] [app.php:134] Documentation system initialized | {"components":12}
[31-Dec-2025 11:13:49 America/Sao_Paulo] [2025-12-31 11:13:49.689290] [INFO] [documentation.php:299] Sistema de documentação carregado com sucesso | {"componentes":12,"metodos":20,"categorias":6}
[31-Dec-2025 11:13:49 America/Sao_Paulo] [2025-12-31 11:13:49.690001] [DEBUG] [app.php:134] Documentation system initialized | {"components":12}
[31-Dec-2025 11:19:39 America/Sao_Paulo] [2025-12-31 11:19:39.998686] [INFO] [documentation.php:299] Sistema de documentação carregado com sucesso | {"componentes":12,"metodos":20,"categorias":6}
[31-Dec-2025 11:19:40 America/Sao_Paulo] [2025-12-31 11:19:40.000974] [DEBUG] [app.php:134] Documentation system initialized | {"components":12}
[31-Dec-2025 11:20:49 America/Sao_Paulo] [2025-12-31 11:20:49.220207] [INFO] [documentation.php:299] Sistema de documentação carregado com sucesso | {"componentes":12,"metodos":20,"categorias":6}
[31-Dec-2025 11:20:49 America/Sao_Paulo] [2025-12-31 11:20:49.222291] [DEBUG] [app.php:134] Documentation system initialized | {"components":12}
[31-Dec-2025 11:22:23 America/Sao_Paulo] [2025-12-31 11:22:23.655848] [INFO] [documentation.php:299] Sistema de documentação carregado com sucesso | {"componentes":12,"metodos":20,"categorias":6}
[31-Dec-2025 11:22:23 America/Sao_Paulo] [2025-12-31 11:22:23.656852] [DEBUG] [app.php:134] Documentation system initialized | {"components":12}
[31-Dec-2025 11:22:31 America/Sao_Paulo] [2025-12-31 11:22:31.636537] [INFO] [documentation.php:299] Sistema de documentação carregado com sucesso | {"componentes":12,"metodos":20,"categorias":6}
[31-Dec-2025 11:22:31 America/Sao_Paulo] [2025-12-31 11:22:31.637606] [DEBUG] [app.php:134] Documentation system initialized | {"components":12}
[31-Dec-2025 11:22:35 America/Sao_Paulo] [2025-12-31 11:22:35.364302] [INFO] [documentation.php:299] Sistema de documentação carregado com sucesso | {"componentes":12,"metodos":20,"categorias":6}
[31-Dec-2025 11:22:35 America/Sao_Paulo] [2025-12-31 11:22:35.366030] [DEBUG] [app.php:134] Documentation system initialized | {"components":12}
[31-Dec-2025 11:22:37 America/Sao_Paulo] [2025-12-31 11:22:37.417338] [INFO] [documentation.php:299] Sistema de documentação carregado com sucesso | {"componentes":12,"metodos":20,"categorias":6}
[31-Dec-2025 11:22:37 America/Sao_Paulo] [2025-12-31 11:22:37.419440] [DEBUG] [app.php:134] Documentation system initialized | {"components":12}
[31-Dec-2025 11:48:11 America/Sao_Paulo] [2025-12-31 11:48:11.860360] [INFO] [documentation.php:299] Sistema de documentação carregado com sucesso | {"componentes":12,"metodos":20,"categorias":6}
[31-Dec-2025 11:48:11 America/Sao_Paulo] [2025-12-31 11:48:11.861923] [DEBUG] [app.php:134] Documentation system initialized | {"components":12}
[31-Dec-2025 11:50:02 America/Sao_Paulo] [2025-12-31 11:50:02.407612] [INFO] [documentation.php:299] Sistema de documentação carregado com sucesso | {"componentes":12,"metodos":20,"categorias":6}
[31-Dec-2025 11:50:02 America/Sao_Paulo] [2025-12-31 11:50:02.408378] [DEBUG] [app.php:134] Documentation system initialized | {"components":12}
[31-Dec-2025 11:50:02 America/Sao_Paulo] [2025-12-31 11:50:02.518746] [INFO] [documentation.php:299] Sistema de documentação carregado com sucesso | {"componentes":12,"metodos":20,"categorias":6}
[31-Dec-2025 11:50:02 America/Sao_Paulo] [2025-12-31 11:50:02.519496] [DEBUG] [app.php:134] Documentation system initialized | {"components":12}
[31-Dec-2025 11:51:51 America/Sao_Paulo] [2025-12-31 11:51:51.322212] [INFO] [documentation.php:299] Sistema de documentação carregado com sucesso | {"componentes":12,"metodos":20,"categorias":6}
[31-Dec-2025 11:51:51 America/Sao_Paulo] [2025-12-31 11:51:51.324473] [DEBUG] [app.php:134] Documentation system initialized | {"components":12}
[31-Dec-2025 11:51:54 America/Sao_Paulo] [2025-12-31 11:51:54.205591] [INFO] [documentation.php:299] Sistema de documentação carregado com sucesso | {"componentes":12,"metodos":20,"categorias":6}
[31-Dec-2025 11:51:54 America/Sao_Paulo] [2025-12-31 11:51:54.225945] [DEBUG] [app.php:134] Documentation system initialized | {"components":12}
[31-Dec-2025 11:51:54 America/Sao_Paulo] [2025-12-31 11:51:54.315190] [INFO] [documentation.php:299] Sistema de documentação carregado com sucesso | {"componentes":12,"metodos":20,"categorias":6}
[31-Dec-2025 11:51:54 America/Sao_Paulo] [2025-12-31 11:51:54.316415] [DEBUG] [app.php:134] Documentation system initialized | {"components":12}
[31-Dec-2025 11:51:58 America/Sao_Paulo] [2025-12-31 11:51:58.140847] [INFO] [documentation.php:299] Sistema de documentação carregado com sucesso | {"componentes":12,"metodos":20,"categorias":6}
[31-Dec-2025 11:51:58 America/Sao_Paulo] [2025-12-31 11:51:58.141532] [DEBUG] [app.php:134] Documentation system initialized | {"components":12}
[31-Dec-2025 11:51:58 America/Sao_Paulo] [2025-12-31 11:51:58.229520] [INFO] [documentation.php:299] Sistema de documentação carregado com sucesso | {"componentes":12,"metodos":20,"categorias":6}
[31-Dec-2025 11:51:58 America/Sao_Paulo] [2025-12-31 11:51:58.230662] [DEBUG] [app.php:134] Documentation system initialized | {"components":12}
[31-Dec-2025 11:51:59 America/Sao_Paulo] [2025-12-31 11:51:59.234707] [INFO] [documentation.php:299] Sistema de documentação carregado com sucesso | {"componentes":12,"metodos":20,"categorias":6}
[31-Dec-2025 11:51:59 America/Sao_Paulo] [2025-12-31 11:51:59.236309] [DEBUG] [app.php:134] Documentation system initialized | {"components":12}
[31-Dec-2025 11:51:59 America/Sao_Paulo] [2025-12-31 11:51:59.309586] [INFO] [documentation.php:299] Sistema de documentação carregado com sucesso | {"componentes":12,"metodos":20,"categorias":6}
[31-Dec-2025 11:51:59 America/Sao_Paulo] [2025-12-31 11:51:59.310444] [DEBUG] [app.php:134] Documentation system initialized | {"components":12}
[31-Dec-2025 11:52:54 America/Sao_Paulo] [2025-12-31 11:52:54.224124] [INFO] [documentation.php:299] Sistema de documentação carregado com sucesso | {"componentes":12,"metodos":20,"categorias":6}
[31-Dec-2025 11:52:54 America/Sao_Paulo] [2025-12-31 11:52:54.224748] [DEBUG] [app.php:134] Documentation system initialized | {"components":12}
[31-Dec-2025 11:52:54 America/Sao_Paulo] [2025-12-31 11:52:54.279647] [INFO] [documentation.php:299] Sistema de documentação carregado com sucesso | {"componentes":12,"metodos":20,"categorias":6}
[31-Dec-2025 11:52:54 America/Sao_Paulo] [2025-12-31 11:52:54.280529] [DEBUG] [app.php:134] Documentation system initialized | {"components":12}
[31-Dec-2025 11:58:49 America/Sao_Paulo] [2025-12-31 11:58:49.276143] [INFO] [documentation.php:299] Sistema de documentação carregado com sucesso | {"componentes":12,"metodos":20,"categorias":6}
[31-Dec-2025 11:58:49 America/Sao_Paulo] [2025-12-31 11:58:49.276951] [DEBUG] [app.php:134] Documentation system initialized | {"components":12}
[31-Dec-2025 11:58:49 America/Sao_Paulo] [2025-12-31 11:58:49.377682] [INFO] [documentation.php:299] Sistema de documentação carregado com sucesso | {"componentes":12,"metodos":20,"categorias":6}
[31-Dec-2025 11:58:49 America/Sao_Paulo] [2025-12-31 11:58:49.378817] [DEBUG] [app.php:134] Documentation system initialized | {"components":12}
[31-Dec-2025 11:58:52 America/Sao_Paulo] [2025-12-31 11:58:52.339991] [INFO] [documentation.php:299] Sistema de documentação carregado com sucesso | {"componentes":12,"metodos":20,"categorias":6}
[31-Dec-2025 11:58:52 America/Sao_Paulo] [2025-12-31 11:58:52.340539] [DEBUG] [app.php:134] Documentation system initialized | {"components":12}
[31-Dec-2025 11:58:52 America/Sao_Paulo] [2025-12-31 11:58:52.401968] [INFO] [documentation.php:299] Sistema de documentação carregado com sucesso | {"componentes":12,"metodos":20,"categorias":6}
[31-Dec-2025 11:58:52 America/Sao_Paulo] [2025-12-31 11:58:52.402550] [DEBUG] [app.php:134] Documentation system initialized | {"components":12}
[31-Dec-2025 12:03:41 America/Sao_Paulo] [2025-12-31 12:03:41.489430] [INFO] [documentation.php:299] Sistema de documentação carregado com sucesso | {"componentes":12,"metodos":20,"categorias":6}
[31-Dec-2025 12:03:41 America/Sao_Paulo] [2025-12-31 12:03:41.491043] [DEBUG] [app.php:134] Documentation system initialized | {"components":12}
[31-Dec-2025 12:04:02 America/Sao_Paulo] [2025-12-31 12:04:02.882576] [INFO] [documentation.php:299] Sistema de documentação carregado com sucesso | {"componentes":12,"metodos":20,"categorias":6}
[31-Dec-2025 12:04:02 America/Sao_Paulo] [2025-12-31 12:04:02.883583] [DEBUG] [app.php:134] Documentation system initialized | {"components":12}
[31-Dec-2025 12:10:46 America/Sao_Paulo] [2025-12-31 12:10:46.202439] [INFO] [documentation.php:299] Sistema de documentação carregado com sucesso | {"componentes":12,"metodos":20,"categorias":6}
[31-Dec-2025 12:10:46 America/Sao_Paulo] [2025-12-31 12:10:46.205018] [DEBUG] [app.php:134] Documentation system initialized | {"components":12}
[31-Dec-2025 12:10:47 America/Sao_Paulo] [2025-12-31 12:10:47.398472] [INFO] [documentation.php:299] Sistema de documentação carregado com sucesso | {"componentes":12,"metodos":20,"categorias":6}
[31-Dec-2025 12:10:47 America/Sao_Paulo] [2025-12-31 12:10:47.399502] [DEBUG] [app.php:134] Documentation system initialized | {"components":12}
[31-Dec-2025 12:10:47 America/Sao_Paulo] [2025-12-31 12:10:47.514360] [INFO] [documentation.php:299] Sistema de documentação carregado com sucesso | {"componentes":12,"metodos":20,"categorias":6}
[31-Dec-2025 12:10:47 America/Sao_Paulo] [2025-12-31 12:10:47.520023] [DEBUG] [app.php:134] Documentation system initialized | {"components":12}
[31-Dec-2025 12:10:51 America/Sao_Paulo] [2025-12-31 12:10:51.699393] [INFO] [documentation.php:299] Sistema de documentação carregado com sucesso | {"componentes":12,"metodos":20,"categorias":6}
[31-Dec-2025 12:10:51 America/Sao_Paulo] [2025-12-31 12:10:51.700010] [DEBUG] [app.php:134] Documentation system initialized | {"components":12}
[31-Dec-2025 12:10:51 America/Sao_Paulo] [2025-12-31 12:10:51.764426] [INFO] [documentation.php:299] Sistema de documentação carregado com sucesso | {"componentes":12,"metodos":20,"categorias":6}
[31-Dec-2025 12:10:51 America/Sao_Paulo] [2025-12-31 12:10:51.764983] [DEBUG] [app.php:134] Documentation system initialized | {"components":12}
[31-Dec-2025 12:12:50 America/Sao_Paulo] [2025-12-31 12:12:50.559681] [INFO] [documentation.php:299] Sistema de documentação carregado com sucesso | {"componentes":12,"metodos":20,"categorias":6}
[31-Dec-2025 12:12:50 America/Sao_Paulo] [2025-12-31 12:12:50.561381] [DEBUG] [app.php:134] Documentation system initialized | {"components":12}
[31-Dec-2025 12:12:50 America/Sao_Paulo] [2025-12-31 12:12:50.745800] [INFO] [documentation.php:299] Sistema de documentação carregado com sucesso | {"componentes":12,"metodos":20,"categorias":6}
[31-Dec-2025 12:12:50 America/Sao_Paulo] [2025-12-31 12:12:50.746832] [DEBUG] [app.php:134] Documentation system initialized | {"components":12}
[31-Dec-2025 12:15:05 America/Sao_Paulo] [2025-12-31 12:15:05.297825] [INFO] [documentation.php:299] Sistema de documentação carregado com sucesso | {"componentes":12,"metodos":20,"categorias":6}
[31-Dec-2025 12:15:05 America/Sao_Paulo] [2025-12-31 12:15:05.299368] [DEBUG] [app.php:134] Documentation system initialized | {"components":12}
[31-Dec-2025 12:15:05 America/Sao_Paulo] [2025-12-31 12:15:05.387014] [INFO] [documentation.php:299] Sistema de documentação carregado com sucesso | {"componentes":12,"metodos":20,"categorias":6}
[31-Dec-2025 12:15:05 America/Sao_Paulo] [2025-12-31 12:15:05.387584] [DEBUG] [app.php:134] Documentation system initialized | {"components":12}
[31-Dec-2025 12:29:29 America/Sao_Paulo] [2025-12-31 12:29:29.245255] [INFO] [documentation.php:299] Sistema de documentação carregado com sucesso | {"componentes":12,"metodos":20,"categorias":6}
[31-Dec-2025 12:29:29 America/Sao_Paulo] [2025-12-31 12:29:29.248211] [DEBUG] [app.php:134] Documentation system initialized | {"components":12}
[31-Dec-2025 12:29:29 America/Sao_Paulo] [2025-12-31 12:29:29.322919] [INFO] [documentation.php:299] Sistema de documentação carregado com sucesso | {"componentes":12,"metodos":20,"categorias":6}
[31-Dec-2025 12:29:29 America/Sao_Paulo] [2025-12-31 12:29:29.323979] [DEBUG] [app.php:134] Documentation system initialized | {"components":12}
[31-Dec-2025 12:29:36 America/Sao_Paulo] [2025-12-31 12:29:36.891707] [INFO] [documentation.php:299] Sistema de documentação carregado com sucesso | {"componentes":12,"metodos":20,"categorias":6}
[31-Dec-2025 12:29:36 America/Sao_Paulo] [2025-12-31 12:29:36.893425] [DEBUG] [app.php:134] Documentation system initialized | {"components":12}
[31-Dec-2025 12:29:39 America/Sao_Paulo] [2025-12-31 12:29:39.888292] [INFO] [documentation.php:299] Sistema de documentação carregado com sucesso | {"componentes":12,"metodos":20,"categorias":6}
[31-Dec-2025 12:29:39 America/Sao_Paulo] [2025-12-31 12:29:39.889144] [DEBUG] [app.php:134] Documentation system initialized | {"components":12}
[31-Dec-2025 12:29:40 America/Sao_Paulo] [2025-12-31 12:29:40.298319] [INFO] [documentation.php:299] Sistema de documentação carregado com sucesso | {"componentes":12,"metodos":20,"categorias":6}
[31-Dec-2025 12:29:40 America/Sao_Paulo] [2025-12-31 12:29:40.298835] [DEBUG] [app.php:134] Documentation system initialized | {"components":12}
[31-Dec-2025 12:29:46 America/Sao_Paulo] [2025-12-31 12:29:46.105672] [INFO] [documentation.php:299] Sistema de documentação carregado com sucesso | {"componentes":12,"metodos":20,"categorias":6}
[31-Dec-2025 12:29:46 America/Sao_Paulo] [2025-12-31 12:29:46.106245] [DEBUG] [app.php:134] Documentation system initialized | {"components":12}
[31-Dec-2025 12:29:46 America/Sao_Paulo] [2025-12-31 12:29:46.169413] [INFO] [documentation.php:299] Sistema de documentação carregado com sucesso | {"componentes":12,"metodos":20,"categorias":6}
[31-Dec-2025 12:29:46 America/Sao_Paulo] [2025-12-31 12:29:46.170056] [DEBUG] [app.php:134] Documentation system initialized | {"components":12}
[31-Dec-2025 12:30:19 America/Sao_Paulo] [2025-12-31 12:30:19.556553] [INFO] [documentation.php:299] Sistema de documentação carregado com sucesso | {"componentes":12,"metodos":20,"categorias":6}
[31-Dec-2025 12:30:19 America/Sao_Paulo] [2025-12-31 12:30:19.557076] [DEBUG] [app.php:134] Documentation system initialized | {"components":12}
[31-Dec-2025 12:30:27 America/Sao_Paulo] [2025-12-31 12:30:27.896556] [INFO] [documentation.php:299] Sistema de documentação carregado com sucesso | {"componentes":12,"metodos":20,"categorias":6}
[31-Dec-2025 12:30:27 America/Sao_Paulo] [2025-12-31 12:30:27.897121] [DEBUG] [app.php:134] Documentation system initialized | {"components":12}
[31-Dec-2025 12:30:28 America/Sao_Paulo] [2025-12-31 12:30:28.021845] [INFO] [documentation.php:299] Sistema de documentação carregado com sucesso | {"componentes":12,"metodos":20,"categorias":6}
[31-Dec-2025 12:30:28 America/Sao_Paulo] [2025-12-31 12:30:28.022655] [DEBUG] [app.php:134] Documentation system initialized | {"components":12}
[31-Dec-2025 12:30:28 America/Sao_Paulo] [2025-12-31 12:30:28.791595] [INFO] [documentation.php:299] Sistema de documentação carregado com sucesso | {"componentes":12,"metodos":20,"categorias":6}
[31-Dec-2025 12:30:28 America/Sao_Paulo] [2025-12-31 12:30:28.793464] [DEBUG] [app.php:134] Documentation system initialized | {"components":12}
[31-Dec-2025 12:30:43 America/Sao_Paulo] [2025-12-31 12:30:43.412844] [INFO] [documentation.php:299] Sistema de documentação carregado com sucesso | {"componentes":12,"metodos":20,"categorias":6}
[31-Dec-2025 12:30:43 America/Sao_Paulo] [2025-12-31 12:30:43.413656] [DEBUG] [app.php:134] Documentation system initialized | {"components":12}
[31-Dec-2025 12:30:43 America/Sao_Paulo] [2025-12-31 12:30:43.492077] [INFO] [documentation.php:299] Sistema de documentação carregado com sucesso | {"componentes":12,"metodos":20,"categorias":6}
[31-Dec-2025 12:30:43 America/Sao_Paulo] [2025-12-31 12:30:43.492876] [DEBUG] [app.php:134] Documentation system initialized | {"components":12}
[31-Dec-2025 12:30:57 America/Sao_Paulo] [2025-12-31 12:30:57.594122] [INFO] [documentation.php:299] Sistema de documentação carregado com sucesso | {"componentes":12,"metodos":20,"categorias":6}
[31-Dec-2025 12:30:57 America/Sao_Paulo] [2025-12-31 12:30:57.595120] [DEBUG] [app.php:134] Documentation system initialized | {"components":12}
[31-Dec-2025 12:31:03 America/Sao_Paulo] [2025-12-31 12:31:03.388501] [INFO] [documentation.php:299] Sistema de documentação carregado com sucesso | {"componentes":12,"metodos":20,"categorias":6}
[31-Dec-2025 12:31:03 America/Sao_Paulo] [2025-12-31 12:31:03.389113] [DEBUG] [app.php:134] Documentation system initialized | {"components":12}
[31-Dec-2025 12:31:03 America/Sao_Paulo] [2025-12-31 12:31:03.483275] [INFO] [documentation.php:299] Sistema de documentação carregado com sucesso | {"componentes":12,"metodos":20,"categorias":6}
[31-Dec-2025 12:31:03 America/Sao_Paulo] [2025-12-31 12:31:03.483865] [DEBUG] [app.php:134] Documentation system initialized | {"components":12}
[31-Dec-2025 14:46:44 America/Sao_Paulo] [2025-12-31 14:46:44.441849] [INFO] [documentation.php:299] Sistema de documentação carregado com sucesso | {"componentes":12,"metodos":20,"categorias":6}
[31-Dec-2025 14:46:44 America/Sao_Paulo] [2025-12-31 14:46:44.444280] [DEBUG] [app.php:134] Documentation system initialized | {"components":12}
[31-Dec-2025 14:48:28 America/Sao_Paulo] [2025-12-31 14:48:28.746674] [INFO] [documentation.php:299] Sistema de documentação carregado com sucesso | {"componentes":12,"metodos":20,"categorias":6}
[31-Dec-2025 14:48:28 America/Sao_Paulo] [2025-12-31 14:48:28.748013] [DEBUG] [app.php:134] Documentation system initialized | {"components":12}
[31-Dec-2025 14:49:57 America/Sao_Paulo] PHP Warning:  require(C:\xampp\htdocs\pontolinkado\includes/../vendor/autoload.php): Failed to open stream: No such file or directory in C:\xampp\htdocs\pontolinkado\includes\app.php on line 2
[31-Dec-2025 14:49:57 America/Sao_Paulo] PHP Fatal error:  Uncaught Error: Failed opening required 'C:\xampp\htdocs\pontolinkado\includes/../vendor/autoload.php' (include_path='C:\xampp\php\PEAR') in C:\xampp\htdocs\pontolinkado\includes\app.php:2
Stack trace:
#0 C:\xampp\htdocs\pontolinkado\index.php(55): require()
#1 {main}
  thrown in C:\xampp\htdocs\pontolinkado\includes\app.php on line 2
[31-Dec-2025 14:49:59 America/Sao_Paulo] PHP Warning:  require(C:\xampp\htdocs\pontolinkado\includes/../vendor/autoload.php): Failed to open stream: No such file or directory in C:\xampp\htdocs\pontolinkado\includes\app.php on line 2
[31-Dec-2025 14:49:59 America/Sao_Paulo] PHP Fatal error:  Uncaught Error: Failed opening required 'C:\xampp\htdocs\pontolinkado\includes/../vendor/autoload.php' (include_path='C:\xampp\php\PEAR') in C:\xampp\htdocs\pontolinkado\includes\app.php:2
Stack trace:
#0 C:\xampp\htdocs\pontolinkado\index.php(55): require()
#1 {main}
  thrown in C:\xampp\htdocs\pontolinkado\includes\app.php on line 2
[31-Dec-2025 14:52:12 America/Sao_Paulo] [2025-12-31 14:52:12.038370] [INFO] [documentation.php:299] Sistema de documentação carregado com sucesso | {"componentes":12,"metodos":20,"categorias":6}
[31-Dec-2025 14:52:12 America/Sao_Paulo] [2025-12-31 14:52:12.040179] [DEBUG] [app.php:134] Documentation system initialized | {"components":12}
[31-Dec-2025 15:45:16 America/Sao_Paulo] [2025-12-31 15:45:16.317681] [INFO] [documentation.php:299] Sistema de documentação carregado com sucesso | {"componentes":12,"metodos":20,"categorias":6}
[31-Dec-2025 15:45:16 America/Sao_Paulo] [2025-12-31 15:45:16.320783] [DEBUG] [app.php:134] Documentation system initialized | {"components":12}
[31-Dec-2025 16:00:20 America/Sao_Paulo] [2025-12-31 16:00:20.375222] [INFO] [documentation.php:299] Sistema de documentação carregado com sucesso | {"componentes":12,"metodos":20,"categorias":6}
[31-Dec-2025 16:00:20 America/Sao_Paulo] [2025-12-31 16:00:20.375739] [DEBUG] [app.php:134] Documentation system initialized | {"components":12}
[31-Dec-2025 16:00:29 America/Sao_Paulo] [2025-12-31 16:00:29.242571] [INFO] [documentation.php:299] Sistema de documentação carregado com sucesso | {"componentes":12,"metodos":20,"categorias":6}
[31-Dec-2025 16:00:29 America/Sao_Paulo] [2025-12-31 16:00:29.243447] [DEBUG] [app.php:134] Documentation system initialized | {"components":12}
[31-Dec-2025 16:00:40 America/Sao_Paulo] [2025-12-31 16:00:40.963191] [INFO] [documentation.php:299] Sistema de documentação carregado com sucesso | {"componentes":12,"metodos":20,"categorias":6}
[31-Dec-2025 16:00:40 America/Sao_Paulo] [2025-12-31 16:00:40.964250] [DEBUG] [app.php:134] Documentation system initialized | {"components":12}
[31-Dec-2025 16:00:41 America/Sao_Paulo] [2025-12-31 16:00:41.060602] [INFO] [documentation.php:299] Sistema de documentação carregado com sucesso | {"componentes":12,"metodos":20,"categorias":6}
[31-Dec-2025 16:00:41 America/Sao_Paulo] [2025-12-31 16:00:41.061160] [DEBUG] [app.php:134] Documentation system initialized | {"components":12}
[31-Dec-2025 16:00:47 America/Sao_Paulo] [2025-12-31 16:00:47.687521] [INFO] [documentation.php:299] Sistema de documentação carregado com sucesso | {"componentes":12,"metodos":20,"categorias":6}
[31-Dec-2025 16:00:47 America/Sao_Paulo] [2025-12-31 16:00:47.688079] [DEBUG] [app.php:134] Documentation system initialized | {"components":12}
[31-Dec-2025 16:01:00 America/Sao_Paulo] [2025-12-31 16:01:00.974303] [INFO] [documentation.php:299] Sistema de documentação carregado com sucesso | {"componentes":12,"metodos":20,"categorias":6}
[31-Dec-2025 16:01:00 America/Sao_Paulo] [2025-12-31 16:01:00.974928] [DEBUG] [app.php:134] Documentation system initialized | {"components":12}
[01-Jan-2026 01:03:09 America/Sao_Paulo] [2026-01-01 01:03:09.382782] [INFO] [documentation.php:299] Sistema de documentação carregado com sucesso | {"componentes":12,"metodos":20,"categorias":6}
[01-Jan-2026 01:03:09 America/Sao_Paulo] [2026-01-01 01:03:09.389041] [DEBUG] [app.php:134] Documentation system initialized | {"components":12}
[01-Jan-2026 10:59:39 America/Sao_Paulo] [2026-01-01 10:59:39.093924] [INFO] [documentation.php:299] Sistema de documentação carregado com sucesso | {"componentes":12,"metodos":20,"categorias":6}
[01-Jan-2026 10:59:39 America/Sao_Paulo] [2026-01-01 10:59:39.095381] [DEBUG] [app.php:134] Documentation system initialized | {"components":12}
[01-Jan-2026 12:31:09 America/Sao_Paulo] [2026-01-01 12:31:09.901375] [INFO] [documentation.php:299] Sistema de documentação carregado com sucesso | {"componentes":12,"metodos":20,"categorias":6}
[01-Jan-2026 12:31:09 America/Sao_Paulo] [2026-01-01 12:31:09.902821] [DEBUG] [app.php:134] Documentation system initialized | {"components":12}
[01-Jan-2026 12:31:14 America/Sao_Paulo] [2026-01-01 12:31:14.257827] [INFO] [documentation.php:299] Sistema de documentação carregado com sucesso | {"componentes":12,"metodos":20,"categorias":6}
[01-Jan-2026 12:31:14 America/Sao_Paulo] [2026-01-01 12:31:14.258381] [DEBUG] [app.php:134] Documentation system initialized | {"components":12}
[01-Jan-2026 12:31:20 America/Sao_Paulo] [2026-01-01 12:31:20.103130] [INFO] [documentation.php:299] Sistema de documentação carregado com sucesso | {"componentes":12,"metodos":20,"categorias":6}
[01-Jan-2026 12:31:20 America/Sao_Paulo] [2026-01-01 12:31:20.104189] [DEBUG] [app.php:134] Documentation system initialized | {"components":12}
[01-Jan-2026 12:31:25 America/Sao_Paulo] [2026-01-01 12:31:25.594193] [INFO] [documentation.php:299] Sistema de documentação carregado com sucesso | {"componentes":12,"metodos":20,"categorias":6}
[01-Jan-2026 12:31:25 America/Sao_Paulo] [2026-01-01 12:31:25.595087] [DEBUG] [app.php:134] Documentation system initialized | {"components":12}
[01-Jan-2026 12:31:25 America/Sao_Paulo] [2026-01-01 12:31:25.655181] [INFO] [documentation.php:299] Sistema de documentação carregado com sucesso | {"componentes":12,"metodos":20,"categorias":6}
[01-Jan-2026 12:31:25 America/Sao_Paulo] [2026-01-01 12:31:25.655659] [DEBUG] [app.php:134] Documentation system initialized | {"components":12}
[01-Jan-2026 12:31:29 America/Sao_Paulo] [2026-01-01 12:31:29.075961] [INFO] [documentation.php:299] Sistema de documentação carregado com sucesso | {"componentes":12,"metodos":20,"categorias":6}
[01-Jan-2026 12:31:29 America/Sao_Paulo] [2026-01-01 12:31:29.076678] [DEBUG] [app.php:134] Documentation system initialized | {"components":12}
[01-Jan-2026 12:31:31 America/Sao_Paulo] [2026-01-01 12:31:31.101368] [INFO] [documentation.php:299] Sistema de documentação carregado com sucesso | {"componentes":12,"metodos":20,"categorias":6}
[01-Jan-2026 12:31:31 America/Sao_Paulo] [2026-01-01 12:31:31.102470] [DEBUG] [app.php:134] Documentation system initialized | {"components":12}
[01-Jan-2026 12:31:31 America/Sao_Paulo] [2026-01-01 12:31:31.160153] [INFO] [documentation.php:299] Sistema de documentação carregado com sucesso | {"componentes":12,"metodos":20,"categorias":6}
[01-Jan-2026 12:31:31 America/Sao_Paulo] [2026-01-01 12:31:31.160694] [DEBUG] [app.php:134] Documentation system initialized | {"components":12}
[01-Jan-2026 12:31:31 America/Sao_Paulo] [2026-01-01 12:31:31.995012] [INFO] [documentation.php:299] Sistema de documentação carregado com sucesso | {"componentes":12,"metodos":20,"categorias":6}
[01-Jan-2026 12:31:31 America/Sao_Paulo] [2026-01-01 12:31:31.996609] [DEBUG] [app.php:134] Documentation system initialized | {"components":12}
[01-Jan-2026 12:31:32 America/Sao_Paulo] [2026-01-01 12:31:32.208445] [INFO] [documentation.php:299] Sistema de documentação carregado com sucesso | {"componentes":12,"metodos":20,"categorias":6}
[01-Jan-2026 12:31:32 America/Sao_Paulo] [2026-01-01 12:31:32.211136] [DEBUG] [app.php:134] Documentation system initialized | {"components":12}
[02-Jan-2026 10:51:26 America/Sao_Paulo] [2026-01-02 10:51:26.654733] [INFO] [documentation.php:299] Sistema de documentação carregado com sucesso | {"componentes":12,"metodos":20,"categorias":6}
[02-Jan-2026 10:51:26 America/Sao_Paulo] [2026-01-02 10:51:26.658218] [DEBUG] [app.php:134] Documentation system initialized | {"components":12}
[02-Jan-2026 11:25:43 America/Sao_Paulo] [2026-01-02 11:25:43.027261] [INFO] [documentation.php:299] Sistema de documentação carregado com sucesso | {"componentes":12,"metodos":20,"categorias":6}
[02-Jan-2026 11:25:43 America/Sao_Paulo] [2026-01-02 11:25:43.029114] [DEBUG] [app.php:134] Documentation system initialized | {"components":12}
[02-Jan-2026 12:43:49 America/Sao_Paulo] [2026-01-02 12:43:49.040511] [INFO] [documentation.php:299] Sistema de documentação carregado com sucesso | {"componentes":12,"metodos":20,"categorias":6}
[02-Jan-2026 12:43:49 America/Sao_Paulo] [2026-01-02 12:43:49.042105] [DEBUG] [app.php:134] Documentation system initialized | {"components":12}
[02-Jan-2026 16:43:32 America/Sao_Paulo] [2026-01-02 16:43:32.584755] [INFO] [documentation.php:299] Sistema de documentação carregado com sucesso | {"componentes":12,"metodos":20,"categorias":6}
[02-Jan-2026 16:43:32 America/Sao_Paulo] [2026-01-02 16:43:32.586889] [DEBUG] [app.php:134] Documentation system initialized | {"components":12}
[02-Jan-2026 22:14:17 America/Sao_Paulo] [2026-01-02 22:14:17.943675] [INFO] [documentation.php:299] Sistema de documentação carregado com sucesso | {"componentes":12,"metodos":20,"categorias":6}
[02-Jan-2026 22:14:17 America/Sao_Paulo] [2026-01-02 22:14:17.945230] [DEBUG] [app.php:134] Documentation system initialized | {"components":12}
[03-Jan-2026 02:22:08 Europe/Berlin] PHP Fatal error:  Declaration of App\Controller\Pages\TestSSE::getPage() must be compatible with App\Controller\Pages\Page::getPage($title, $content) in C:\xampp\htdocs\pontolinkado\app\Controller\Pages\TestSSE.php on line 14
